176.80.116.219 - - [23/Aug/2021:10:33:15 +0000] "GET /api/providers HTTP/2.0" 200 1374 "https://traefik.petitstores.com/dashboard/" "Mozilla/5.0 (X11; Linux x86_64) AppleWebKit/537.36 (KHTML, like Gecko) Chrome/89.0.4389.114 Safari/537.36" 261 "Host-traefik-petitstores-com-1" "http://172.20.0.2:8080" 1ms
65.154.226.165 - - [23/Aug/2021:10:33:16 +0000] "GET /api/providers HTTP/2.0" 200 1374 "https://traefik.petitstores.com/dashboard/" "Mozilla/5.0 (Windows NT 10.0; Win64; x64) AppleWebKit/537.36 (KHTML, like Gecko) Chrome/76.0.3809.71 Safari/537.36" 262 "Host-traefik-petitstores-com-1" "http://172.20.0.2:8080" 1ms
65.154.226.165 - - [23/Aug/2021:10:33:18 +0000] "GET /api/providers HTTP/2.0" 200 1374 "https://traefik.petitstores.com/dashboard/" "Mozilla/5.0 (Windows NT 10.0; Win64; x64) AppleWebKit/537.36 (KHTML, like Gecko) Chrome/76.0.3809.71 Safari/537.36" 263 "Host-traefik-petitstores-com-1" "http://172.20.0.2:8080" 1ms
176.80.116.219 - - [23/Aug/2021:10:33:18 +0000] "GET /api/providers HTTP/2.0" 200 1374 "https://traefik.petitstores.com/dashboard/" "Mozilla/5.0 (X11; Linux x86_64) AppleWebKit/537.36 (KHTML, like Gecko) Chrome/89.0.4389.114 Safari/537.36" 264 "Host-traefik-petitstores-com-1" "http://172.20.0.2:8080" 0ms
65.154.226.165 - - [23/Aug/2021:10:33:20 +0000] "GET /api/providers HTTP/2.0" 200 1374 "https://traefik.petitstores.com/dashboard/" "Mozilla/5.0 (Windows NT 10.0; Win64; x64) AppleWebKit/537.36 (KHTML, like Gecko) Chrome/76.0.3809.71 Safari/537.36" 265 "Host-traefik-petitstores-com-1" "http://172.20.0.2:8080" 1ms
176.80.116.219 - - [23/Aug/2021:10:33:21 +0000] "GET /api/providers HTTP/2.0" 200 1374 "https://traefik.petitstores.com/dashboard/" "Mozilla/5.0 (X11; Linux x86_64) AppleWebKit/537.36 (KHTML, like Gecko) Chrome/89.0.4389.114 Safari/537.36" 266 "Host-traefik-petitstores-com-1" "http://172.20.0.2:8080" 0ms
176.80.116.219 - - [23/Aug/2021:10:33:24 +0000] "GET /api/providers HTTP/2.0" 200 1374 "https://traefik.petitstores.com/dashboard/" "Mozilla/5.0 (X11; Linux x86_64) AppleWebKit/537.36 (KHTML, like Gecko) Chrome/89.0.4389.114 Safari/537.36" 267 "Host-traefik-petitstores-com-1" "http://172.20.0.2:8080" 0ms
176.80.116.219 - - [23/Aug/2021:10:33:27 +0000] "GET /api/providers HTTP/2.0" 200 1374 "https://traefik.petitstores.com/dashboard/" "Mozilla/5.0 (X11; Linux x86_64) AppleWebKit/537.36 (KHTML, like Gecko) Chrome/89.0.4389.114 Safari/537.36" 268 "Host-traefik-petitstores-com-1" "http://172.20.0.2:8080" 1ms
176.80.116.219 - - [23/Aug/2021:10:33:30 +0000] "GET /api/providers HTTP/2.0" 200 1374 "https://traefik.petitstores.com/dashboard/" "Mozilla/5.0 (X11; Linux x86_64) AppleWebKit/537.36 (KHTML, like Gecko) Chrome/89.0.4389.114 Safari/537.36" 269 "Host-traefik-petitstores-com-1" "http://172.20.0.2:8080" 1ms
176.80.116.219 - - [23/Aug/2021:10:33:33 +0000] "GET /api/providers HTTP/2.0" 200 1374 "https://traefik.petitstores.com/dashboard/" "Mozilla/5.0 (X11; Linux x86_64) AppleWebKit/537.36 (KHTML, like Gecko) Chrome/89.0.4389.114 Safari/537.36" 270 "Host-traefik-petitstores-com-1" "http://172.20.0.2:8080" 0ms
176.80.116.219 - - [23/Aug/2021:10:33:36 +0000] "GET /api/providers HTTP/2.0" 200 937 "https://traefik.petitstores.com/dashboard/" "Mozilla/5.0 (X11; Linux x86_64) AppleWebKit/537.36 (KHTML, like Gecko) Chrome/89.0.4389.114 Safari/537.36" 271 "Host-traefik-petitstores-com-0" "http://172.20.0.2:8080" 1ms
176.80.116.219 - - [23/Aug/2021:10:33:38 +0000] "GET /api/providers HTTP/2.0" 200 1434 "https://traefik.petitstores.com/dashboard/" "Mozilla/5.0 (X11; Linux x86_64) AppleWebKit/537.36 (KHTML, like Gecko) Chrome/89.0.4389.114 Safari/537.36" 272 "Host-traefik-petitstores-com-1" "http://172.20.0.2:8080" 1ms
176.80.116.219 - - [23/Aug/2021:10:33:40 +0000] "GET /api/providers HTTP/2.0" 200 1434 "https://traefik.petitstores.com/dashboard/" "Mozilla/5.0 (X11; Linux x86_64) AppleWebKit/537.36 (KHTML, like Gecko) Chrome/89.0.4389.114 Safari/537.36" 273 "Host-traefik-petitstores-com-1" "http://172.20.0.2:8080" 0ms
176.80.116.219 - - [23/Aug/2021:10:33:43 +0000] "GET /api/providers HTTP/2.0" 200 1434 "https://traefik.petitstores.com/dashboard/" "Mozilla/5.0 (X11; Linux x86_64) AppleWebKit/537.36 (KHTML, like Gecko) Chrome/89.0.4389.114 Safari/537.36" 274 "Host-traefik-petitstores-com-1" "http://172.20.0.2:8080" 0ms
176.80.116.219 - - [23/Aug/2021:10:33:46 +0000] "GET / HTTP/1.1" 302 5 "-" "Mozilla/5.0 (X11; Linux x86_64) AppleWebKit/537.36 (KHTML, like Gecko) Chrome/89.0.4389.114 Safari/537.36" 275 "entrypoint redirect for http" "/" 0ms
176.80.116.219 - - [23/Aug/2021:10:33:46 +0000] "GET /api/providers HTTP/2.0" 200 1434 "https://traefik.petitstores.com/dashboard/" "Mozilla/5.0 (X11; Linux x86_64) AppleWebKit/537.36 (KHTML, like Gecko) Chrome/89.0.4389.114 Safari/537.36" 276 "Host-traefik-petitstores-com-1" "http://172.20.0.2:8080" 1ms
176.80.116.219 - - [23/Aug/2021:10:33:49 +0000] "GET /api/providers HTTP/2.0" 200 1434 "https://traefik.petitstores.com/dashboard/" "Mozilla/5.0 (X11; Linux x86_64) AppleWebKit/537.36 (KHTML, like Gecko) Chrome/89.0.4389.114 Safari/537.36" 277 "Host-traefik-petitstores-com-1" "http://172.20.0.2:8080" 1ms
176.80.116.219 - - [23/Aug/2021:10:33:52 +0000] "GET /api/providers HTTP/2.0" 200 1434 "https://traefik.petitstores.com/dashboard/" "Mozilla/5.0 (X11; Linux x86_64) AppleWebKit/537.36 (KHTML, like Gecko) Chrome/89.0.4389.114 Safari/537.36" 278 "Host-traefik-petitstores-com-1" "http://172.20.0.2:8080" 0ms
176.80.116.219 - - [23/Aug/2021:10:33:55 +0000] "GET /api/providers HTTP/2.0" 200 1434 "https://traefik.petitstores.com/dashboard/" "Mozilla/5.0 (X11; Linux x86_64) AppleWebKit/537.36 (KHTML, like Gecko) Chrome/89.0.4389.114 Safari/537.36" 279 "Host-traefik-petitstores-com-1" "http://172.20.0.2:8080" 0ms
176.80.116.219 - - [23/Aug/2021:10:33:58 +0000] "GET /api/providers HTTP/2.0" 200 1434 "https://traefik.petitstores.com/dashboard/" "Mozilla/5.0 (X11; Linux x86_64) AppleWebKit/537.36 (KHTML, like Gecko) Chrome/89.0.4389.114 Safari/537.36" 280 "Host-traefik-petitstores-com-1" "http://172.20.0.2:8080" 1ms
176.80.116.219 - - [23/Aug/2021:10:34:01 +0000] "GET /api/providers HTTP/2.0" 200 1434 "https://traefik.petitstores.com/dashboard/" "Mozilla/5.0 (X11; Linux x86_64) AppleWebKit/537.36 (KHTML, like Gecko) Chrome/89.0.4389.114 Safari/537.36" 282 "Host-traefik-petitstores-com-1" "http://172.20.0.2:8080" 0ms
176.80.116.219 - - [23/Aug/2021:10:34:04 +0000] "GET /api/providers HTTP/2.0" 200 1434 "https://traefik.petitstores.com/dashboard/" "Mozilla/5.0 (X11; Linux x86_64) AppleWebKit/537.36 (KHTML, like Gecko) Chrome/89.0.4389.114 Safari/537.36" 283 "Host-traefik-petitstores-com-1" "http://172.20.0.2:8080" 0ms
176.80.116.219 - - [23/Aug/2021:10:34:07 +0000] "GET /api/providers HTTP/2.0" 200 1434 "https://traefik.petitstores.com/dashboard/" "Mozilla/5.0 (X11; Linux x86_64) AppleWebKit/537.36 (KHTML, like Gecko) Chrome/89.0.4389.114 Safari/537.36" 284 "Host-traefik-petitstores-com-1" "http://172.20.0.2:8080" 1ms
176.80.116.219 - - [23/Aug/2021:10:34:10 +0000] "GET /api/providers HTTP/2.0" 200 1434 "https://traefik.petitstores.com/dashboard/" "Mozilla/5.0 (X11; Linux x86_64) AppleWebKit/537.36 (KHTML, like Gecko) Chrome/89.0.4389.114 Safari/537.36" 285 "Host-traefik-petitstores-com-1" "http://172.20.0.2:8080" 0ms
176.80.116.219 - - [23/Aug/2021:10:34:13 +0000] "GET /api/providers HTTP/2.0" 200 1434 "https://traefik.petitstores.com/dashboard/" "Mozilla/5.0 (X11; Linux x86_64) AppleWebKit/537.36 (KHTML, like Gecko) Chrome/89.0.4389.114 Safari/537.36" 286 "Host-traefik-petitstores-com-1" "http://172.20.0.2:8080" 1ms
176.80.116.219 - - [23/Aug/2021:10:34:16 +0000] "GET /api/providers HTTP/2.0" 200 1434 "https://traefik.petitstores.com/dashboard/" "Mozilla/5.0 (X11; Linux x86_64) AppleWebKit/537.36 (KHTML, like Gecko) Chrome/89.0.4389.114 Safari/537.36" 287 "Host-traefik-petitstores-com-1" "http://172.20.0.2:8080" 1ms
176.80.116.219 - - [23/Aug/2021:10:34:19 +0000] "GET /api/providers HTTP/2.0" 200 1434 "https://traefik.petitstores.com/dashboard/" "Mozilla/5.0 (X11; Linux x86_64) AppleWebKit/537.36 (KHTML, like Gecko) Chrome/89.0.4389.114 Safari/537.36" 288 "Host-traefik-petitstores-com-1" "http://172.20.0.2:8080" 1ms
176.80.116.219 - - [23/Aug/2021:10:34:22 +0000] "GET /api/providers HTTP/2.0" 200 1434 "https://traefik.petitstores.com/dashboard/" "Mozilla/5.0 (X11; Linux x86_64) AppleWebKit/537.36 (KHTML, like Gecko) Chrome/89.0.4389.114 Safari/537.36" 289 "Host-traefik-petitstores-com-1" "http://172.20.0.2:8080" 1ms
176.80.116.219 - - [23/Aug/2021:10:34:25 +0000] "GET /api/providers HTTP/2.0" 200 1434 "https://traefik.petitstores.com/dashboard/" "Mozilla/5.0 (X11; Linux x86_64) AppleWebKit/537.36 (KHTML, like Gecko) Chrome/89.0.4389.114 Safari/537.36" 290 "Host-traefik-petitstores-com-1" "http://172.20.0.2:8080" 1ms
176.80.116.219 - - [23/Aug/2021:10:34:28 +0000] "GET /api/providers HTTP/2.0" 200 1434 "https://traefik.petitstores.com/dashboard/" "Mozilla/5.0 (X11; Linux x86_64) AppleWebKit/537.36 (KHTML, like Gecko) Chrome/89.0.4389.114 Safari/537.36" 291 "Host-traefik-petitstores-com-1" "http://172.20.0.2:8080" 1ms
176.80.116.219 - - [23/Aug/2021:10:34:01 +0000] "GET / HTTP/2.0" 504 15 "-" "Mozilla/5.0 (X11; Linux x86_64) AppleWebKit/537.36 (KHTML, like Gecko) Chrome/89.0.4389.114 Safari/537.36" 281 "Host-petitstores-com-www-petitstores-com-0" "http://172.21.0.2:80" 30001ms
176.80.116.219 - - [23/Aug/2021:10:34:31 +0000] "GET /api/providers HTTP/2.0" 200 1434 "https://traefik.petitstores.com/dashboard/" "Mozilla/5.0 (X11; Linux x86_64) AppleWebKit/537.36 (KHTML, like Gecko) Chrome/89.0.4389.114 Safari/537.36" 292 "Host-traefik-petitstores-com-1" "http://172.20.0.2:8080" 0ms
176.80.116.219 - - [23/Aug/2021:10:34:34 +0000] "GET /api/providers HTTP/2.0" 200 1434 "https://traefik.petitstores.com/dashboard/" "Mozilla/5.0 (X11; Linux x86_64) AppleWebKit/537.36 (KHTML, like Gecko) Chrome/89.0.4389.114 Safari/537.36" 293 "Host-traefik-petitstores-com-1" "http://172.20.0.2:8080" 1ms
176.80.116.219 - - [23/Aug/2021:10:34:37 +0000] "GET /api/providers HTTP/2.0" 200 1434 "https://traefik.petitstores.com/dashboard/" "Mozilla/5.0 (X11; Linux x86_64) AppleWebKit/537.36 (KHTML, like Gecko) Chrome/89.0.4389.114 Safari/537.36" 294 "Host-traefik-petitstores-com-1" "http://172.20.0.2:8080" 1ms
176.80.116.219 - - [23/Aug/2021:10:34:39 +0000] "GET /api/providers HTTP/2.0" 200 937 "https://traefik.petitstores.com/dashboard/" "Mozilla/5.0 (X11; Linux x86_64) AppleWebKit/537.36 (KHTML, like Gecko) Chrome/89.0.4389.114 Safari/537.36" 295 "Host-traefik-petitstores-com-0" "http://172.20.0.2:8080" 1ms
176.80.116.219 - - [23/Aug/2021:10:34:41 +0000] "GET /api/providers HTTP/2.0" 200 1434 "https://traefik.petitstores.com/dashboard/" "Mozilla/5.0 (X11; Linux x86_64) AppleWebKit/537.36 (KHTML, like Gecko) Chrome/89.0.4389.114 Safari/537.36" 296 "Host-traefik-petitstores-com-1" "http://172.20.0.2:8080" 1ms
176.80.116.219 - - [23/Aug/2021:10:34:43 +0000] "GET /api/providers HTTP/2.0" 200 1434 "https://traefik.petitstores.com/dashboard/" "Mozilla/5.0 (X11; Linux x86_64) AppleWebKit/537.36 (KHTML, like Gecko) Chrome/89.0.4389.114 Safari/537.36" 297 "Host-traefik-petitstores-com-1" "http://172.20.0.2:8080" 1ms
176.80.116.219 - - [23/Aug/2021:10:34:45 +0000] "GET /api/providers HTTP/2.0" 200 1434 "https://traefik.petitstores.com/dashboard/" "Mozilla/5.0 (X11; Linux x86_64) AppleWebKit/537.36 (KHTML, like Gecko) Chrome/89.0.4389.114 Safari/537.36" 298 "Host-traefik-petitstores-com-1" "http://172.20.0.2:8080" 1ms
176.80.116.219 - - [23/Aug/2021:10:34:48 +0000] "GET /api/providers HTTP/2.0" 200 1434 "https://traefik.petitstores.com/dashboard/" "Mozilla/5.0 (X11; Linux x86_64) AppleWebKit/537.36 (KHTML, like Gecko) Chrome/89.0.4389.114 Safari/537.36" 300 "Host-traefik-petitstores-com-1" "http://172.20.0.2:8080" 1ms
176.80.116.219 - - [23/Aug/2021:10:34:51 +0000] "GET /api/providers HTTP/2.0" 200 1434 "https://traefik.petitstores.com/dashboard/" "Mozilla/5.0 (X11; Linux x86_64) AppleWebKit/537.36 (KHTML, like Gecko) Chrome/89.0.4389.114 Safari/537.36" 301 "Host-traefik-petitstores-com-1" "http://172.20.0.2:8080" 1ms
176.80.116.219 - - [23/Aug/2021:10:34:54 +0000] "GET /api/providers HTTP/2.0" 200 1434 "https://traefik.petitstores.com/dashboard/" "Mozilla/5.0 (X11; Linux x86_64) AppleWebKit/537.36 (KHTML, like Gecko) Chrome/89.0.4389.114 Safari/537.36" 302 "Host-traefik-petitstores-com-1" "http://172.20.0.2:8080" 1ms
176.80.116.219 - - [23/Aug/2021:10:34:57 +0000] "GET /api/providers HTTP/2.0" 200 1434 "https://traefik.petitstores.com/dashboard/" "Mozilla/5.0 (X11; Linux x86_64) AppleWebKit/537.36 (KHTML, like Gecko) Chrome/89.0.4389.114 Safari/537.36" 303 "Host-traefik-petitstores-com-1" "http://172.20.0.2:8080" 1ms
176.80.116.219 - - [23/Aug/2021:10:35:00 +0000] "GET /api/providers HTTP/2.0" 200 1434 "https://traefik.petitstores.com/dashboard/" "Mozilla/5.0 (X11; Linux x86_64) AppleWebKit/537.36 (KHTML, like Gecko) Chrome/89.0.4389.114 Safari/537.36" 304 "Host-traefik-petitstores-com-1" "http://172.20.0.2:8080" 1ms
176.80.116.219 - - [23/Aug/2021:10:35:03 +0000] "GET /api/providers HTTP/2.0" 200 1434 "https://traefik.petitstores.com/dashboard/" "Mozilla/5.0 (X11; Linux x86_64) AppleWebKit/537.36 (KHTML, like Gecko) Chrome/89.0.4389.114 Safari/537.36" 305 "Host-traefik-petitstores-com-1" "http://172.20.0.2:8080" 0ms
176.80.116.219 - - [23/Aug/2021:10:35:06 +0000] "GET /api/providers HTTP/2.0" 200 1434 "https://traefik.petitstores.com/dashboard/" "Mozilla/5.0 (X11; Linux x86_64) AppleWebKit/537.36 (KHTML, like Gecko) Chrome/89.0.4389.114 Safari/537.36" 306 "Host-traefik-petitstores-com-1" "http://172.20.0.2:8080" 1ms
176.80.116.219 - - [23/Aug/2021:10:35:09 +0000] "GET /api/providers HTTP/2.0" 200 1434 "https://traefik.petitstores.com/dashboard/" "Mozilla/5.0 (X11; Linux x86_64) AppleWebKit/537.36 (KHTML, like Gecko) Chrome/89.0.4389.114 Safari/537.36" 307 "Host-traefik-petitstores-com-1" "http://172.20.0.2:8080" 1ms
176.80.116.219 - - [23/Aug/2021:10:35:12 +0000] "GET /api/providers HTTP/2.0" 200 1434 "https://traefik.petitstores.com/dashboard/" "Mozilla/5.0 (X11; Linux x86_64) AppleWebKit/537.36 (KHTML, like Gecko) Chrome/89.0.4389.114 Safari/537.36" 308 "Host-traefik-petitstores-com-1" "http://172.20.0.2:8080" 1ms
176.80.116.219 - - [23/Aug/2021:10:35:15 +0000] "GET /api/providers HTTP/2.0" 200 1434 "https://traefik.petitstores.com/dashboard/" "Mozilla/5.0 (X11; Linux x86_64) AppleWebKit/537.36 (KHTML, like Gecko) Chrome/89.0.4389.114 Safari/537.36" 309 "Host-traefik-petitstores-com-1" "http://172.20.0.2:8080" 0ms
176.80.116.219 - - [23/Aug/2021:10:34:47 +0000] "GET / HTTP/2.0" 504 15 "-" "Mozilla/5.0 (X11; Linux x86_64) AppleWebKit/537.36 (KHTML, like Gecko) Chrome/89.0.4389.114 Safari/537.36" 299 "Host-petitstores-com-www-petitstores-com-0" "http://172.21.0.2:80" 30000ms
176.80.116.219 - - [23/Aug/2021:10:35:18 +0000] "GET /api/providers HTTP/2.0" 200 1434 "https://traefik.petitstores.com/dashboard/" "Mozilla/5.0 (X11; Linux x86_64) AppleWebKit/537.36 (KHTML, like Gecko) Chrome/89.0.4389.114 Safari/537.36" 310 "Host-traefik-petitstores-com-1" "http://172.20.0.2:8080" 0ms
176.80.116.219 - - [23/Aug/2021:10:35:21 +0000] "GET /api/providers HTTP/2.0" 200 1434 "https://traefik.petitstores.com/dashboard/" "Mozilla/5.0 (X11; Linux x86_64) AppleWebKit/537.36 (KHTML, like Gecko) Chrome/89.0.4389.114 Safari/537.36" 311 "Host-traefik-petitstores-com-1" "http://172.20.0.2:8080" 1ms
176.80.116.219 - - [23/Aug/2021:10:35:24 +0000] "GET /api/providers HTTP/2.0" 200 1434 "https://traefik.petitstores.com/dashboard/" "Mozilla/5.0 (X11; Linux x86_64) AppleWebKit/537.36 (KHTML, like Gecko) Chrome/89.0.4389.114 Safari/537.36" 312 "Host-traefik-petitstores-com-1" "http://172.20.0.2:8080" 1ms
176.80.116.219 - - [23/Aug/2021:10:35:27 +0000] "GET /api/providers HTTP/2.0" 200 1434 "https://traefik.petitstores.com/dashboard/" "Mozilla/5.0 (X11; Linux x86_64) AppleWebKit/537.36 (KHTML, like Gecko) Chrome/89.0.4389.114 Safari/537.36" 313 "Host-traefik-petitstores-com-1" "http://172.20.0.2:8080" 1ms
176.80.116.219 - - [23/Aug/2021:10:35:30 +0000] "GET /api/providers HTTP/2.0" 200 1434 "https://traefik.petitstores.com/dashboard/" "Mozilla/5.0 (X11; Linux x86_64) AppleWebKit/537.36 (KHTML, like Gecko) Chrome/89.0.4389.114 Safari/537.36" 314 "Host-traefik-petitstores-com-1" "http://172.20.0.2:8080" 0ms
176.80.116.219 - - [23/Aug/2021:10:35:33 +0000] "GET /api/providers HTTP/2.0" 200 1434 "https://traefik.petitstores.com/dashboard/" "Mozilla/5.0 (X11; Linux x86_64) AppleWebKit/537.36 (KHTML, like Gecko) Chrome/89.0.4389.114 Safari/537.36" 315 "Host-traefik-petitstores-com-1" "http://172.20.0.2:8080" 1ms
176.80.116.219 - - [23/Aug/2021:10:35:36 +0000] "GET /api/providers HTTP/2.0" 200 1434 "https://traefik.petitstores.com/dashboard/" "Mozilla/5.0 (X11; Linux x86_64) AppleWebKit/537.36 (KHTML, like Gecko) Chrome/89.0.4389.114 Safari/537.36" 316 "Host-traefik-petitstores-com-1" "http://172.20.0.2:8080" 1ms
176.80.116.219 - - [23/Aug/2021:10:35:39 +0000] "GET /api/providers HTTP/2.0" 200 1434 "https://traefik.petitstores.com/dashboard/" "Mozilla/5.0 (X11; Linux x86_64) AppleWebKit/537.36 (KHTML, like Gecko) Chrome/89.0.4389.114 Safari/537.36" 317 "Host-traefik-petitstores-com-1" "http://172.20.0.2:8080" 1ms
176.80.116.219 - - [23/Aug/2021:10:35:42 +0000] "GET /api/providers HTTP/2.0" 200 1434 "https://traefik.petitstores.com/dashboard/" "Mozilla/5.0 (X11; Linux x86_64) AppleWebKit/537.36 (KHTML, like Gecko) Chrome/89.0.4389.114 Safari/537.36" 318 "Host-traefik-petitstores-com-1" "http://172.20.0.2:8080" 1ms
176.80.116.219 - - [23/Aug/2021:10:35:45 +0000] "GET /api/providers HTTP/2.0" 200 1434 "https://traefik.petitstores.com/dashboard/" "Mozilla/5.0 (X11; Linux x86_64) AppleWebKit/537.36 (KHTML, like Gecko) Chrome/89.0.4389.114 Safari/537.36" 319 "Host-traefik-petitstores-com-1" "http://172.20.0.2:8080" 1ms
176.80.116.219 - - [23/Aug/2021:10:35:48 +0000] "GET /api/providers HTTP/2.0" 200 1434 "https://traefik.petitstores.com/dashboard/" "Mozilla/5.0 (X11; Linux x86_64) AppleWebKit/537.36 (KHTML, like Gecko) Chrome/89.0.4389.114 Safari/537.36" 320 "Host-traefik-petitstores-com-1" "http://172.20.0.2:8080" 1ms
176.80.116.219 - - [23/Aug/2021:10:35:51 +0000] "GET /api/providers HTTP/2.0" 200 1434 "https://traefik.petitstores.com/dashboard/" "Mozilla/5.0 (X11; Linux x86_64) AppleWebKit/537.36 (KHTML, like Gecko) Chrome/89.0.4389.114 Safari/537.36" 322 "Host-traefik-petitstores-com-1" "http://172.20.0.2:8080" 1ms
176.80.116.219 - - [23/Aug/2021:10:35:54 +0000] "GET /api/providers HTTP/2.0" 200 1434 "https://traefik.petitstores.com/dashboard/" "Mozilla/5.0 (X11; Linux x86_64) AppleWebKit/537.36 (KHTML, like Gecko) Chrome/89.0.4389.114 Safari/537.36" 323 "Host-traefik-petitstores-com-1" "http://172.20.0.2:8080" 0ms
179.43.169.181 - - [23/Aug/2021:10:35:51 +0000] "GET / HTTP/1.1" 499 21 "-" "Mozilla/5.0 (X11; Linux i686; rv:10.0) Gecko/20100101 Firefox/10.0" 321 "Host-petitstores-com-www-petitstores-com-0" "http://172.21.0.2:80" 5001ms
176.80.116.219 - - [23/Aug/2021:10:35:57 +0000] "GET /api/providers HTTP/2.0" 200 1434 "https://traefik.petitstores.com/dashboard/" "Mozilla/5.0 (X11; Linux x86_64) AppleWebKit/537.36 (KHTML, like Gecko) Chrome/89.0.4389.114 Safari/537.36" 325 "Host-traefik-petitstores-com-1" "http://172.20.0.2:8080" 1ms
176.80.116.219 - - [23/Aug/2021:10:36:00 +0000] "GET /api/providers HTTP/2.0" 200 1434 "https://traefik.petitstores.com/dashboard/" "Mozilla/5.0 (X11; Linux x86_64) AppleWebKit/537.36 (KHTML, like Gecko) Chrome/89.0.4389.114 Safari/537.36" 326 "Host-traefik-petitstores-com-1" "http://172.20.0.2:8080" 1ms
179.43.169.181 - - [23/Aug/2021:10:35:56 +0000] "GET / HTTP/1.1" 499 21 "-" "Mozilla/5.0 (X11; Linux i686; rv:10.0) Gecko/20100101 Firefox/10.0" 324 "Host-petitstores-com-www-petitstores-com-0" "http://172.21.0.2:80" 5000ms
176.80.116.219 - - [23/Aug/2021:10:36:03 +0000] "GET /api/providers HTTP/2.0" 200 1434 "https://traefik.petitstores.com/dashboard/" "Mozilla/5.0 (X11; Linux x86_64) AppleWebKit/537.36 (KHTML, like Gecko) Chrome/89.0.4389.114 Safari/537.36" 328 "Host-traefik-petitstores-com-1" "http://172.20.0.2:8080" 0ms
179.43.169.181 - - [23/Aug/2021:10:36:01 +0000] "GET / HTTP/1.1" 499 21 "-" "Mozilla/5.0 (X11; Linux i686; rv:10.0) Gecko/20100101 Firefox/10.0" 327 "Host-petitstores-com-www-petitstores-com-0" "http://172.21.0.2:80" 5000ms
176.80.116.219 - - [23/Aug/2021:10:36:06 +0000] "GET /api/providers HTTP/2.0" 200 1434 "https://traefik.petitstores.com/dashboard/" "Mozilla/5.0 (X11; Linux x86_64) AppleWebKit/537.36 (KHTML, like Gecko) Chrome/89.0.4389.114 Safari/537.36" 330 "Host-traefik-petitstores-com-1" "http://172.20.0.2:8080" 0ms
176.80.116.219 - - [23/Aug/2021:10:36:09 +0000] "GET /api/providers HTTP/2.0" 200 1434 "https://traefik.petitstores.com/dashboard/" "Mozilla/5.0 (X11; Linux x86_64) AppleWebKit/537.36 (KHTML, like Gecko) Chrome/89.0.4389.114 Safari/537.36" 331 "Host-traefik-petitstores-com-1" "http://172.20.0.2:8080" 1ms
179.43.169.181 - - [23/Aug/2021:10:36:06 +0000] "GET / HTTP/1.1" 499 21 "-" "Mozilla/5.0 (X11; Linux i686; rv:10.0) Gecko/20100101 Firefox/10.0" 329 "Host-petitstores-com-www-petitstores-com-0" "http://172.21.0.2:80" 5000ms
176.80.116.219 - - [23/Aug/2021:10:36:12 +0000] "GET /api/providers HTTP/2.0" 200 1434 "https://traefik.petitstores.com/dashboard/" "Mozilla/5.0 (X11; Linux x86_64) AppleWebKit/537.36 (KHTML, like Gecko) Chrome/89.0.4389.114 Safari/537.36" 333 "Host-traefik-petitstores-com-1" "http://172.20.0.2:8080" 0ms
176.80.116.219 - - [23/Aug/2021:10:36:15 +0000] "GET /api/providers HTTP/2.0" 200 1434 "https://traefik.petitstores.com/dashboard/" "Mozilla/5.0 (X11; Linux x86_64) AppleWebKit/537.36 (KHTML, like Gecko) Chrome/89.0.4389.114 Safari/537.36" 334 "Host-traefik-petitstores-com-1" "http://172.20.0.2:8080" 1ms
179.43.169.181 - - [23/Aug/2021:10:36:11 +0000] "GET / HTTP/1.1" 499 21 "-" "Mozilla/5.0 (X11; Linux i686; rv:10.0) Gecko/20100101 Firefox/10.0" 332 "Host-petitstores-com-www-petitstores-com-0" "http://172.21.0.2:80" 5001ms
176.80.116.219 - - [23/Aug/2021:10:36:18 +0000] "GET /api/providers HTTP/2.0" 200 1434 "https://traefik.petitstores.com/dashboard/" "Mozilla/5.0 (X11; Linux x86_64) AppleWebKit/537.36 (KHTML, like Gecko) Chrome/89.0.4389.114 Safari/537.36" 335 "Host-traefik-petitstores-com-1" "http://172.20.0.2:8080" 1ms
176.80.116.219 - - [23/Aug/2021:10:36:21 +0000] "GET /api/providers HTTP/2.0" 200 1434 "https://traefik.petitstores.com/dashboard/" "Mozilla/5.0 (X11; Linux x86_64) AppleWebKit/537.36 (KHTML, like Gecko) Chrome/89.0.4389.114 Safari/537.36" 336 "Host-traefik-petitstores-com-1" "http://172.20.0.2:8080" 1ms
176.80.116.219 - - [23/Aug/2021:10:36:24 +0000] "GET /api/providers HTTP/2.0" 200 1434 "https://traefik.petitstores.com/dashboard/" "Mozilla/5.0 (X11; Linux x86_64) AppleWebKit/537.36 (KHTML, like Gecko) Chrome/89.0.4389.114 Safari/537.36" 337 "Host-traefik-petitstores-com-1" "http://172.20.0.2:8080" 1ms
176.80.116.219 - - [23/Aug/2021:10:36:27 +0000] "GET /api/providers HTTP/2.0" 200 1434 "https://traefik.petitstores.com/dashboard/" "Mozilla/5.0 (X11; Linux x86_64) AppleWebKit/537.36 (KHTML, like Gecko) Chrome/89.0.4389.114 Safari/537.36" 338 "Host-traefik-petitstores-com-1" "http://172.20.0.2:8080" 1ms
176.80.116.219 - - [23/Aug/2021:10:36:30 +0000] "GET /api/providers HTTP/2.0" 200 1434 "https://traefik.petitstores.com/dashboard/" "Mozilla/5.0 (X11; Linux x86_64) AppleWebKit/537.36 (KHTML, like Gecko) Chrome/89.0.4389.114 Safari/537.36" 340 "Host-traefik-petitstores-com-1" "http://172.20.0.2:8080" 1ms
176.80.116.219 - - [23/Aug/2021:10:36:33 +0000] "GET /api/providers HTTP/2.0" 200 1434 "https://traefik.petitstores.com/dashboard/" "Mozilla/5.0 (X11; Linux x86_64) AppleWebKit/537.36 (KHTML, like Gecko) Chrome/89.0.4389.114 Safari/537.36" 341 "Host-traefik-petitstores-com-1" "http://172.20.0.2:8080" 0ms
176.80.116.219 - - [23/Aug/2021:10:36:36 +0000] "GET /api/providers HTTP/2.0" 200 1434 "https://traefik.petitstores.com/dashboard/" "Mozilla/5.0 (X11; Linux x86_64) AppleWebKit/537.36 (KHTML, like Gecko) Chrome/89.0.4389.114 Safari/537.36" 342 "Host-traefik-petitstores-com-1" "http://172.20.0.2:8080" 1ms
176.80.116.219 - - [23/Aug/2021:10:36:39 +0000] "GET /api/providers HTTP/2.0" 200 1434 "https://traefik.petitstores.com/dashboard/" "Mozilla/5.0 (X11; Linux x86_64) AppleWebKit/537.36 (KHTML, like Gecko) Chrome/89.0.4389.114 Safari/537.36" 343 "Host-traefik-petitstores-com-1" "http://172.20.0.2:8080" 0ms
176.80.116.219 - - [23/Aug/2021:10:36:42 +0000] "GET /api/providers HTTP/2.0" 200 1434 "https://traefik.petitstores.com/dashboard/" "Mozilla/5.0 (X11; Linux x86_64) AppleWebKit/537.36 (KHTML, like Gecko) Chrome/89.0.4389.114 Safari/537.36" 344 "Host-traefik-petitstores-com-1" "http://172.20.0.2:8080" 0ms
176.80.116.219 - - [23/Aug/2021:10:36:45 +0000] "GET /api/providers HTTP/2.0" 200 1434 "https://traefik.petitstores.com/dashboard/" "Mozilla/5.0 (X11; Linux x86_64) AppleWebKit/537.36 (KHTML, like Gecko) Chrome/89.0.4389.114 Safari/537.36" 345 "Host-traefik-petitstores-com-1" "http://172.20.0.2:8080" 1ms
176.80.116.219 - - [23/Aug/2021:10:36:48 +0000] "GET /api/providers HTTP/2.0" 200 1434 "https://traefik.petitstores.com/dashboard/" "Mozilla/5.0 (X11; Linux x86_64) AppleWebKit/537.36 (KHTML, like Gecko) Chrome/89.0.4389.114 Safari/537.36" 346 "Host-traefik-petitstores-com-1" "http://172.20.0.2:8080" 0ms
176.80.116.219 - - [23/Aug/2021:10:36:51 +0000] "GET /api/providers HTTP/2.0" 200 1434 "https://traefik.petitstores.com/dashboard/" "Mozilla/5.0 (X11; Linux x86_64) AppleWebKit/537.36 (KHTML, like Gecko) Chrome/89.0.4389.114 Safari/537.36" 347 "Host-traefik-petitstores-com-1" "http://172.20.0.2:8080" 1ms
176.80.116.219 - - [23/Aug/2021:10:36:54 +0000] "GET /api/providers HTTP/2.0" 200 1434 "https://traefik.petitstores.com/dashboard/" "Mozilla/5.0 (X11; Linux x86_64) AppleWebKit/537.36 (KHTML, like Gecko) Chrome/89.0.4389.114 Safari/537.36" 348 "Host-traefik-petitstores-com-1" "http://172.20.0.2:8080" 1ms
176.80.116.219 - - [23/Aug/2021:10:36:57 +0000] "GET /api/providers HTTP/2.0" 200 1434 "https://traefik.petitstores.com/dashboard/" "Mozilla/5.0 (X11; Linux x86_64) AppleWebKit/537.36 (KHTML, like Gecko) Chrome/89.0.4389.114 Safari/537.36" 349 "Host-traefik-petitstores-com-1" "http://172.20.0.2:8080" 1ms
176.80.116.219 - - [23/Aug/2021:10:36:28 +0000] "GET / HTTP/2.0" 504 15 "-" "Mozilla/5.0 (X11; Linux x86_64) AppleWebKit/537.36 (KHTML, like Gecko) Chrome/89.0.4389.114 Safari/537.36" 339 "Host-petitstores-com-www-petitstores-com-0" "http://172.21.0.2:80" 30001ms
176.80.116.219 - - [23/Aug/2021:10:37:00 +0000] "GET /api/providers HTTP/2.0" 200 1434 "https://traefik.petitstores.com/dashboard/" "Mozilla/5.0 (X11; Linux x86_64) AppleWebKit/537.36 (KHTML, like Gecko) Chrome/89.0.4389.114 Safari/537.36" 350 "Host-traefik-petitstores-com-1" "http://172.20.0.2:8080" 1ms
176.80.116.219 - - [23/Aug/2021:10:37:03 +0000] "GET /api/providers HTTP/2.0" 200 1434 "https://traefik.petitstores.com/dashboard/" "Mozilla/5.0 (X11; Linux x86_64) AppleWebKit/537.36 (KHTML, like Gecko) Chrome/89.0.4389.114 Safari/537.36" 351 "Host-traefik-petitstores-com-1" "http://172.20.0.2:8080" 1ms
176.80.116.219 - - [23/Aug/2021:10:37:06 +0000] "GET /api/providers HTTP/2.0" 200 1434 "https://traefik.petitstores.com/dashboard/" "Mozilla/5.0 (X11; Linux x86_64) AppleWebKit/537.36 (KHTML, like Gecko) Chrome/89.0.4389.114 Safari/537.36" 352 "Host-traefik-petitstores-com-1" "http://172.20.0.2:8080" 1ms
176.80.116.219 - - [23/Aug/2021:10:37:09 +0000] "GET /api/providers HTTP/2.0" 200 1434 "https://traefik.petitstores.com/dashboard/" "Mozilla/5.0 (X11; Linux x86_64) AppleWebKit/537.36 (KHTML, like Gecko) Chrome/89.0.4389.114 Safari/537.36" 353 "Host-traefik-petitstores-com-1" "http://172.20.0.2:8080" 0ms
176.80.116.219 - - [23/Aug/2021:10:37:12 +0000] "GET /api/providers HTTP/2.0" 200 1434 "https://traefik.petitstores.com/dashboard/" "Mozilla/5.0 (X11; Linux x86_64) AppleWebKit/537.36 (KHTML, like Gecko) Chrome/89.0.4389.114 Safari/537.36" 354 "Host-traefik-petitstores-com-1" "http://172.20.0.2:8080" 1ms
176.80.116.219 - - [23/Aug/2021:10:37:15 +0000] "GET /api/providers HTTP/2.0" 200 1434 "https://traefik.petitstores.com/dashboard/" "Mozilla/5.0 (X11; Linux x86_64) AppleWebKit/537.36 (KHTML, like Gecko) Chrome/89.0.4389.114 Safari/537.36" 355 "Host-traefik-petitstores-com-1" "http://172.20.0.2:8080" 0ms
176.80.116.219 - - [23/Aug/2021:10:37:18 +0000] "GET /api/providers HTTP/2.0" 200 1434 "https://traefik.petitstores.com/dashboard/" "Mozilla/5.0 (X11; Linux x86_64) AppleWebKit/537.36 (KHTML, like Gecko) Chrome/89.0.4389.114 Safari/537.36" 356 "Host-traefik-petitstores-com-1" "http://172.20.0.2:8080" 0ms
176.80.116.219 - - [23/Aug/2021:10:37:21 +0000] "GET /api/providers HTTP/2.0" 200 1434 "https://traefik.petitstores.com/dashboard/" "Mozilla/5.0 (X11; Linux x86_64) AppleWebKit/537.36 (KHTML, like Gecko) Chrome/89.0.4389.114 Safari/537.36" 358 "Host-traefik-petitstores-com-1" "http://172.20.0.2:8080" 0ms
176.80.116.219 - - [23/Aug/2021:10:37:24 +0000] "GET /api/providers HTTP/2.0" 200 1434 "https://traefik.petitstores.com/dashboard/" "Mozilla/5.0 (X11; Linux x86_64) AppleWebKit/537.36 (KHTML, like Gecko) Chrome/89.0.4389.114 Safari/537.36" 359 "Host-traefik-petitstores-com-1" "http://172.20.0.2:8080" 1ms
179.43.169.181 - - [23/Aug/2021:10:37:20 +0000] "GET / HTTP/1.1" 499 21 "-" "Mozilla/5.0 (X11; Linux i686; rv:10.0) Gecko/20100101 Firefox/10.0" 357 "Host-petitstores-com-www-petitstores-com-0" "http://172.21.0.2:80" 5000ms
176.80.116.219 - - [23/Aug/2021:10:37:27 +0000] "GET /api/providers HTTP/2.0" 200 1434 "https://traefik.petitstores.com/dashboard/" "Mozilla/5.0 (X11; Linux x86_64) AppleWebKit/537.36 (KHTML, like Gecko) Chrome/89.0.4389.114 Safari/537.36" 361 "Host-traefik-petitstores-com-1" "http://172.20.0.2:8080" 0ms
176.80.116.219 - - [23/Aug/2021:10:37:30 +0000] "GET /api/providers HTTP/2.0" 200 1434 "https://traefik.petitstores.com/dashboard/" "Mozilla/5.0 (X11; Linux x86_64) AppleWebKit/537.36 (KHTML, like Gecko) Chrome/89.0.4389.114 Safari/537.36" 362 "Host-traefik-petitstores-com-1" "http://172.20.0.2:8080" 0ms
179.43.169.181 - - [23/Aug/2021:10:37:25 +0000] "GET / HTTP/1.1" 499 21 "-" "Mozilla/5.0 (X11; Linux i686; rv:10.0) Gecko/20100101 Firefox/10.0" 360 "Host-petitstores-com-www-petitstores-com-0" "http://172.21.0.2:80" 5000ms
176.80.116.219 - - [23/Aug/2021:10:37:33 +0000] "GET /api/providers HTTP/2.0" 200 1434 "https://traefik.petitstores.com/dashboard/" "Mozilla/5.0 (X11; Linux x86_64) AppleWebKit/537.36 (KHTML, like Gecko) Chrome/89.0.4389.114 Safari/537.36" 364 "Host-traefik-petitstores-com-1" "http://172.20.0.2:8080" 0ms
179.43.169.181 - - [23/Aug/2021:10:37:30 +0000] "GET / HTTP/1.1" 499 21 "-" "Mozilla/5.0 (X11; Linux i686; rv:10.0) Gecko/20100101 Firefox/10.0" 363 "Host-petitstores-com-www-petitstores-com-0" "http://172.21.0.2:80" 5000ms
176.80.116.219 - - [23/Aug/2021:10:37:36 +0000] "GET /api/providers HTTP/2.0" 200 1434 "https://traefik.petitstores.com/dashboard/" "Mozilla/5.0 (X11; Linux x86_64) AppleWebKit/537.36 (KHTML, like Gecko) Chrome/89.0.4389.114 Safari/537.36" 366 "Host-traefik-petitstores-com-1" "http://172.20.0.2:8080" 0ms
205.169.39.198 - - [23/Aug/2021:10:37:38 +0000] "GET / HTTP/1.1" 302 5 "-" "Mozilla/5.0 (Windows NT 6.1; Win64; x64) AppleWebKit/537.36 (KHTML, like Gecko) Chrome/83.0.4103.61 Safari/537.36" 367 "entrypoint redirect for http" "/" 0ms
176.80.116.219 - - [23/Aug/2021:10:37:39 +0000] "GET /api/providers HTTP/2.0" 200 1434 "https://traefik.petitstores.com/dashboard/" "Mozilla/5.0 (X11; Linux x86_64) AppleWebKit/537.36 (KHTML, like Gecko) Chrome/89.0.4389.114 Safari/537.36" 368 "Host-traefik-petitstores-com-1" "http://172.20.0.2:8080" 1ms
205.169.39.198 - - [23/Aug/2021:10:37:39 +0000] "GET / HTTP/1.1" 302 34 "-" "Mozilla/5.0 (Windows NT 6.1; Win64; x64) AppleWebKit/537.36 (KHTML, like Gecko) Chrome/83.0.4103.61 Safari/537.36" 369 "Host-traefik-petitstores-com-1" "http://172.20.0.2:8080" 0ms
205.169.39.198 - - [23/Aug/2021:10:37:39 +0000] "GET /dashboard/ HTTP/1.1" 200 716 "-" "Mozilla/5.0 (Windows NT 6.1; Win64; x64) AppleWebKit/537.36 (KHTML, like Gecko) Chrome/83.0.4103.61 Safari/537.36" 370 "Host-traefik-petitstores-com-1" "http://172.20.0.2:8080" 1ms
205.169.39.198 - - [23/Aug/2021:10:37:40 +0000] "GET /dashboard/inline.318b50c57b4eba3d437b.bundle.js HTTP/1.1" 200 796 "https://traefik.petitstores.com:443/dashboard/" "Mozilla/5.0 (Windows NT 6.1; Win64; x64) AppleWebKit/537.36 (KHTML, like Gecko) Chrome/83.0.4103.61 Safari/537.36" 371 "Host-traefik-petitstores-com-1" "http://172.20.0.2:8080" 0ms
205.169.39.198 - - [23/Aug/2021:10:37:40 +0000] "GET /dashboard/polyfills.1457c99db4b6dba06e8d.bundle.js HTTP/1.1" 200 59401 "https://traefik.petitstores.com:443/dashboard/" "Mozilla/5.0 (Windows NT 6.1; Win64; x64) AppleWebKit/537.36 (KHTML, like Gecko) Chrome/83.0.4103.61 Safari/537.36" 372 "Host-traefik-petitstores-com-1" "http://172.20.0.2:8080" 1ms
205.169.39.198 - - [23/Aug/2021:10:37:40 +0000] "GET /dashboard/scripts.ef668c5c0d42ec4c5e83.bundle.js HTTP/1.1" 200 368525 "https://traefik.petitstores.com:443/dashboard/" "Mozilla/5.0 (Windows NT 6.1; Win64; x64) AppleWebKit/537.36 (KHTML, like Gecko) Chrome/83.0.4103.61 Safari/537.36" 373 "Host-traefik-petitstores-com-1" "http://172.20.0.2:8080" 122ms
179.43.169.181 - - [23/Aug/2021:10:37:35 +0000] "GET / HTTP/1.1" 499 21 "-" "Mozilla/5.0 (X11; Linux i686; rv:10.0) Gecko/20100101 Firefox/10.0" 365 "Host-petitstores-com-www-petitstores-com-0" "http://172.21.0.2:80" 5000ms
205.169.39.198 - - [23/Aug/2021:10:37:41 +0000] "GET /dashboard/main.f341693bf9ed22060b42.bundle.js HTTP/1.1" 200 686413 "https://traefik.petitstores.com:443/dashboard/" "Mozilla/5.0 (Windows NT 6.1; Win64; x64) AppleWebKit/537.36 (KHTML, like Gecko) Chrome/83.0.4103.61 Safari/537.36" 375 "Host-traefik-petitstores-com-1" "http://172.20.0.2:8080" 124ms
205.169.39.198 - - [23/Aug/2021:10:37:41 +0000] "GET /api/version HTTP/1.1" 200 44 "https://traefik.petitstores.com:443/dashboard/" "Mozilla/5.0 (Windows NT 6.1; Win64; x64) AppleWebKit/537.36 (KHTML, like Gecko) Chrome/83.0.4103.61 Safari/537.36" 376 "Host-traefik-petitstores-com-1" "http://172.20.0.2:8080" 1ms
205.169.39.198 - - [23/Aug/2021:10:37:41 +0000] "GET /api/providers HTTP/1.1" 200 1434 "https://traefik.petitstores.com:443/dashboard/" "Mozilla/5.0 (Windows NT 6.1; Win64; x64) AppleWebKit/537.36 (KHTML, like Gecko) Chrome/83.0.4103.61 Safari/537.36" 377 "Host-traefik-petitstores-com-1" "http://172.20.0.2:8080" 0ms
176.80.116.219 - - [23/Aug/2021:10:37:42 +0000] "GET /api/providers HTTP/2.0" 200 1434 "https://traefik.petitstores.com/dashboard/" "Mozilla/5.0 (X11; Linux x86_64) AppleWebKit/537.36 (KHTML, like Gecko) Chrome/89.0.4389.114 Safari/537.36" 378 "Host-traefik-petitstores-com-1" "http://172.20.0.2:8080" 0ms
205.169.39.198 - - [23/Aug/2021:10:37:44 +0000] "GET / HTTP/1.1" 302 5 "-" "Mozilla/5.0 (Windows NT 10.0; Win64; x64) AppleWebKit/537.36 (KHTML, like Gecko) Chrome/79.0.3945.79 Safari/537.36" 379 "entrypoint redirect for http" "/" 0ms
205.169.39.198 - - [23/Aug/2021:10:37:44 +0000] "GET / HTTP/2.0" 302 34 "-" "Mozilla/5.0 (Windows NT 10.0; Win64; x64) AppleWebKit/537.36 (KHTML, like Gecko) Chrome/79.0.3945.79 Safari/537.36" 380 "Host-traefik-petitstores-com-1" "http://172.20.0.2:8080" 1ms
205.169.39.198 - - [23/Aug/2021:10:37:44 +0000] "GET /dashboard/ HTTP/2.0" 200 716 "-" "Mozilla/5.0 (Windows NT 10.0; Win64; x64) AppleWebKit/537.36 (KHTML, like Gecko) Chrome/79.0.3945.79 Safari/537.36" 381 "Host-traefik-petitstores-com-1" "http://172.20.0.2:8080" 1ms
205.169.39.198 - - [23/Aug/2021:10:37:44 +0000] "GET /dashboard/inline.318b50c57b4eba3d437b.bundle.js HTTP/2.0" 200 796 "https://traefik.petitstores.com/dashboard/" "Mozilla/5.0 (Windows NT 10.0; Win64; x64) AppleWebKit/537.36 (KHTML, like Gecko) Chrome/79.0.3945.79 Safari/537.36" 383 "Host-traefik-petitstores-com-1" "http://172.20.0.2:8080" 3ms
205.169.39.198 - - [23/Aug/2021:10:37:44 +0000] "GET /dashboard/styles.e21e21d47be645f690e6.bundle.css HTTP/2.0" 200 116978 "https://traefik.petitstores.com/dashboard/" "Mozilla/5.0 (Windows NT 10.0; Win64; x64) AppleWebKit/537.36 (KHTML, like Gecko) Chrome/79.0.3945.79 Safari/537.36" 382 "Host-traefik-petitstores-com-1" "http://172.20.0.2:8080" 241ms
205.169.39.198 - - [23/Aug/2021:10:37:44 +0000] "GET /dashboard/polyfills.1457c99db4b6dba06e8d.bundle.js HTTP/2.0" 200 59401 "https://traefik.petitstores.com/dashboard/" "Mozilla/5.0 (Windows NT 10.0; Win64; x64) AppleWebKit/537.36 (KHTML, like Gecko) Chrome/79.0.3945.79 Safari/537.36" 384 "Host-traefik-petitstores-com-1" "http://172.20.0.2:8080" 717ms
176.80.116.219 - - [23/Aug/2021:10:37:45 +0000] "GET /api/providers HTTP/2.0" 200 1434 "https://traefik.petitstores.com/dashboard/" "Mozilla/5.0 (X11; Linux x86_64) AppleWebKit/537.36 (KHTML, like Gecko) Chrome/89.0.4389.114 Safari/537.36" 387 "Host-traefik-petitstores-com-1" "http://172.20.0.2:8080" 0ms
179.43.169.181 - - [23/Aug/2021:10:37:41 +0000] "GET / HTTP/1.1" 499 21 "-" "Mozilla/5.0 (X11; Linux i686; rv:10.0) Gecko/20100101 Firefox/10.0" 374 "Host-petitstores-com-www-petitstores-com-0" "http://172.21.0.2:80" 5000ms
205.169.39.198 - - [23/Aug/2021:10:37:44 +0000] "GET /dashboard/scripts.ef668c5c0d42ec4c5e83.bundle.js HTTP/2.0" 200 368525 "https://traefik.petitstores.com/dashboard/" "Mozilla/5.0 (Windows NT 10.0; Win64; x64) AppleWebKit/537.36 (KHTML, like Gecko) Chrome/79.0.3945.79 Safari/537.36" 385 "Host-traefik-petitstores-com-1" "http://172.20.0.2:8080" 2786ms
205.169.39.198 - - [23/Aug/2021:10:37:44 +0000] "GET /dashboard/main.f341693bf9ed22060b42.bundle.js HTTP/2.0" 200 686413 "https://traefik.petitstores.com/dashboard/" "Mozilla/5.0 (Windows NT 10.0; Win64; x64) AppleWebKit/537.36 (KHTML, like Gecko) Chrome/79.0.3945.79 Safari/537.36" 386 "Host-traefik-petitstores-com-1" "http://172.20.0.2:8080" 3626ms
176.80.116.219 - - [23/Aug/2021:10:37:48 +0000] "GET /api/providers HTTP/2.0" 200 1434 "https://traefik.petitstores.com/dashboard/" "Mozilla/5.0 (X11; Linux x86_64) AppleWebKit/537.36 (KHTML, like Gecko) Chrome/89.0.4389.114 Safari/537.36" 388 "Host-traefik-petitstores-com-1" "http://172.20.0.2:8080" 0ms
205.169.39.198 - - [23/Aug/2021:10:37:49 +0000] "GET /api/version HTTP/2.0" 200 44 "https://traefik.petitstores.com/dashboard/" "Mozilla/5.0 (Windows NT 10.0; Win64; x64) AppleWebKit/537.36 (KHTML, like Gecko) Chrome/79.0.3945.79 Safari/537.36" 389 "Host-traefik-petitstores-com-1" "http://172.20.0.2:8080" 0ms
205.169.39.198 - - [23/Aug/2021:10:37:49 +0000] "GET /dashboard/assets/images/traefik.logo.svg HTTP/2.0" 200 24252 "https://traefik.petitstores.com/dashboard/" "Mozilla/5.0 (Windows NT 10.0; Win64; x64) AppleWebKit/537.36 (KHTML, like Gecko) Chrome/79.0.3945.79 Safari/537.36" 390 "Host-traefik-petitstores-com-1" "http://172.20.0.2:8080" 1ms
205.169.39.198 - - [23/Aug/2021:10:37:49 +0000] "GET /api/providers HTTP/2.0" 200 1434 "https://traefik.petitstores.com/dashboard/" "Mozilla/5.0 (Windows NT 10.0; Win64; x64) AppleWebKit/537.36 (KHTML, like Gecko) Chrome/79.0.3945.79 Safari/537.36" 391 "Host-traefik-petitstores-com-1" "http://172.20.0.2:8080" 1ms
176.80.116.219 - - [23/Aug/2021:10:37:51 +0000] "GET /api/providers HTTP/2.0" 200 1434 "https://traefik.petitstores.com/dashboard/" "Mozilla/5.0 (X11; Linux x86_64) AppleWebKit/537.36 (KHTML, like Gecko) Chrome/89.0.4389.114 Safari/537.36" 392 "Host-traefik-petitstores-com-1" "http://172.20.0.2:8080" 1ms
176.80.116.219 - - [23/Aug/2021:10:37:54 +0000] "GET /api/providers HTTP/2.0" 200 1434 "https://traefik.petitstores.com/dashboard/" "Mozilla/5.0 (X11; Linux x86_64) AppleWebKit/537.36 (KHTML, like Gecko) Chrome/89.0.4389.114 Safari/537.36" 393 "Host-traefik-petitstores-com-1" "http://172.20.0.2:8080" 1ms
176.80.116.219 - - [23/Aug/2021:10:37:57 +0000] "GET /api/providers HTTP/2.0" 200 1434 "https://traefik.petitstores.com/dashboard/" "Mozilla/5.0 (X11; Linux x86_64) AppleWebKit/537.36 (KHTML, like Gecko) Chrome/89.0.4389.114 Safari/537.36" 394 "Host-traefik-petitstores-com-1" "http://172.20.0.2:8080" 1ms
176.80.116.219 - - [23/Aug/2021:10:38:00 +0000] "GET /api/providers HTTP/2.0" 200 1434 "https://traefik.petitstores.com/dashboard/" "Mozilla/5.0 (X11; Linux x86_64) AppleWebKit/537.36 (KHTML, like Gecko) Chrome/89.0.4389.114 Safari/537.36" 395 "Host-traefik-petitstores-com-1" "http://172.20.0.2:8080" 1ms
176.80.116.219 - - [23/Aug/2021:10:38:03 +0000] "GET /api/providers HTTP/2.0" 200 1434 "https://traefik.petitstores.com/dashboard/" "Mozilla/5.0 (X11; Linux x86_64) AppleWebKit/537.36 (KHTML, like Gecko) Chrome/89.0.4389.114 Safari/537.36" 396 "Host-traefik-petitstores-com-1" "http://172.20.0.2:8080" 0ms
176.80.116.219 - - [23/Aug/2021:10:38:06 +0000] "GET /api/providers HTTP/2.0" 200 1434 "https://traefik.petitstores.com/dashboard/" "Mozilla/5.0 (X11; Linux x86_64) AppleWebKit/537.36 (KHTML, like Gecko) Chrome/89.0.4389.114 Safari/537.36" 397 "Host-traefik-petitstores-com-1" "http://172.20.0.2:8080" 2ms
176.80.116.219 - - [23/Aug/2021:10:38:09 +0000] "GET /api/providers HTTP/2.0" 200 1434 "https://traefik.petitstores.com/dashboard/" "Mozilla/5.0 (X11; Linux x86_64) AppleWebKit/537.36 (KHTML, like Gecko) Chrome/89.0.4389.114 Safari/537.36" 398 "Host-traefik-petitstores-com-1" "http://172.20.0.2:8080" 0ms
176.80.116.219 - - [23/Aug/2021:10:38:12 +0000] "GET /api/providers HTTP/2.0" 200 1434 "https://traefik.petitstores.com/dashboard/" "Mozilla/5.0 (X11; Linux x86_64) AppleWebKit/537.36 (KHTML, like Gecko) Chrome/89.0.4389.114 Safari/537.36" 399 "Host-traefik-petitstores-com-1" "http://172.20.0.2:8080" 1ms
176.80.116.219 - - [23/Aug/2021:10:38:15 +0000] "GET /api/providers HTTP/2.0" 200 1434 "https://traefik.petitstores.com/dashboard/" "Mozilla/5.0 (X11; Linux x86_64) AppleWebKit/537.36 (KHTML, like Gecko) Chrome/89.0.4389.114 Safari/537.36" 400 "Host-traefik-petitstores-com-1" "http://172.20.0.2:8080" 1ms
176.80.116.219 - - [23/Aug/2021:10:38:18 +0000] "GET /api/providers HTTP/2.0" 200 1434 "https://traefik.petitstores.com/dashboard/" "Mozilla/5.0 (X11; Linux x86_64) AppleWebKit/537.36 (KHTML, like Gecko) Chrome/89.0.4389.114 Safari/537.36" 401 "Host-traefik-petitstores-com-1" "http://172.20.0.2:8080" 1ms
176.80.116.219 - - [23/Aug/2021:10:38:21 +0000] "GET /api/providers HTTP/2.0" 200 1434 "https://traefik.petitstores.com/dashboard/" "Mozilla/5.0 (X11; Linux x86_64) AppleWebKit/537.36 (KHTML, like Gecko) Chrome/89.0.4389.114 Safari/537.36" 402 "Host-traefik-petitstores-com-1" "http://172.20.0.2:8080" 1ms
176.80.116.219 - - [23/Aug/2021:10:38:24 +0000] "GET /api/providers HTTP/2.0" 200 1434 "https://traefik.petitstores.com/dashboard/" "Mozilla/5.0 (X11; Linux x86_64) AppleWebKit/537.36 (KHTML, like Gecko) Chrome/89.0.4389.114 Safari/537.36" 403 "Host-traefik-petitstores-com-1" "http://172.20.0.2:8080" 1ms
176.80.116.219 - - [23/Aug/2021:10:38:27 +0000] "GET /api/providers HTTP/2.0" 200 1434 "https://traefik.petitstores.com/dashboard/" "Mozilla/5.0 (X11; Linux x86_64) AppleWebKit/537.36 (KHTML, like Gecko) Chrome/89.0.4389.114 Safari/537.36" 404 "Host-traefik-petitstores-com-1" "http://172.20.0.2:8080" 1ms
176.80.116.219 - - [23/Aug/2021:10:38:30 +0000] "GET /api/providers HTTP/2.0" 200 1434 "https://traefik.petitstores.com/dashboard/" "Mozilla/5.0 (X11; Linux x86_64) AppleWebKit/537.36 (KHTML, like Gecko) Chrome/89.0.4389.114 Safari/537.36" 405 "Host-traefik-petitstores-com-1" "http://172.20.0.2:8080" 1ms
176.80.116.219 - - [23/Aug/2021:10:38:33 +0000] "GET /api/providers HTTP/2.0" 200 1434 "https://traefik.petitstores.com/dashboard/" "Mozilla/5.0 (X11; Linux x86_64) AppleWebKit/537.36 (KHTML, like Gecko) Chrome/89.0.4389.114 Safari/537.36" 406 "Host-traefik-petitstores-com-1" "http://172.20.0.2:8080" 1ms
176.80.116.219 - - [23/Aug/2021:10:38:36 +0000] "GET /api/providers HTTP/2.0" 200 1434 "https://traefik.petitstores.com/dashboard/" "Mozilla/5.0 (X11; Linux x86_64) AppleWebKit/537.36 (KHTML, like Gecko) Chrome/89.0.4389.114 Safari/537.36" 407 "Host-traefik-petitstores-com-1" "http://172.20.0.2:8080" 0ms
176.80.116.219 - - [23/Aug/2021:10:38:39 +0000] "GET /api/providers HTTP/2.0" 200 1434 "https://traefik.petitstores.com/dashboard/" "Mozilla/5.0 (X11; Linux x86_64) AppleWebKit/537.36 (KHTML, like Gecko) Chrome/89.0.4389.114 Safari/537.36" 408 "Host-traefik-petitstores-com-1" "http://172.20.0.2:8080" 0ms
176.80.116.219 - - [23/Aug/2021:10:38:42 +0000] "GET /api/providers HTTP/2.0" 200 1434 "https://traefik.petitstores.com/dashboard/" "Mozilla/5.0 (X11; Linux x86_64) AppleWebKit/537.36 (KHTML, like Gecko) Chrome/89.0.4389.114 Safari/537.36" 409 "Host-traefik-petitstores-com-1" "http://172.20.0.2:8080" 1ms
176.80.116.219 - - [23/Aug/2021:10:38:45 +0000] "GET /api/providers HTTP/2.0" 200 1434 "https://traefik.petitstores.com/dashboard/" "Mozilla/5.0 (X11; Linux x86_64) AppleWebKit/537.36 (KHTML, like Gecko) Chrome/89.0.4389.114 Safari/537.36" 410 "Host-traefik-petitstores-com-1" "http://172.20.0.2:8080" 1ms
176.80.116.219 - - [23/Aug/2021:10:38:48 +0000] "GET /api/providers HTTP/2.0" 200 1434 "https://traefik.petitstores.com/dashboard/" "Mozilla/5.0 (X11; Linux x86_64) AppleWebKit/537.36 (KHTML, like Gecko) Chrome/89.0.4389.114 Safari/537.36" 411 "Host-traefik-petitstores-com-1" "http://172.20.0.2:8080" 1ms
176.80.116.219 - - [23/Aug/2021:10:38:51 +0000] "GET /api/providers HTTP/2.0" 200 1434 "https://traefik.petitstores.com/dashboard/" "Mozilla/5.0 (X11; Linux x86_64) AppleWebKit/537.36 (KHTML, like Gecko) Chrome/89.0.4389.114 Safari/537.36" 412 "Host-traefik-petitstores-com-1" "http://172.20.0.2:8080" 1ms
176.80.116.219 - - [23/Aug/2021:10:38:54 +0000] "GET /api/providers HTTP/2.0" 200 1434 "https://traefik.petitstores.com/dashboard/" "Mozilla/5.0 (X11; Linux x86_64) AppleWebKit/537.36 (KHTML, like Gecko) Chrome/89.0.4389.114 Safari/537.36" 413 "Host-traefik-petitstores-com-1" "http://172.20.0.2:8080" 1ms
176.80.116.219 - - [23/Aug/2021:10:38:57 +0000] "GET /api/providers HTTP/2.0" 200 1434 "https://traefik.petitstores.com/dashboard/" "Mozilla/5.0 (X11; Linux x86_64) AppleWebKit/537.36 (KHTML, like Gecko) Chrome/89.0.4389.114 Safari/537.36" 414 "Host-traefik-petitstores-com-1" "http://172.20.0.2:8080" 0ms
176.80.116.219 - - [23/Aug/2021:10:39:00 +0000] "GET /api/providers HTTP/2.0" 200 1434 "https://traefik.petitstores.com/dashboard/" "Mozilla/5.0 (X11; Linux x86_64) AppleWebKit/537.36 (KHTML, like Gecko) Chrome/89.0.4389.114 Safari/537.36" 415 "Host-traefik-petitstores-com-1" "http://172.20.0.2:8080" 1ms
176.80.116.219 - - [23/Aug/2021:10:39:03 +0000] "GET /api/providers HTTP/2.0" 200 1434 "https://traefik.petitstores.com/dashboard/" "Mozilla/5.0 (X11; Linux x86_64) AppleWebKit/537.36 (KHTML, like Gecko) Chrome/89.0.4389.114 Safari/537.36" 416 "Host-traefik-petitstores-com-1" "http://172.20.0.2:8080" 1ms
176.80.116.219 - - [23/Aug/2021:10:39:06 +0000] "GET /api/providers HTTP/2.0" 200 1434 "https://traefik.petitstores.com/dashboard/" "Mozilla/5.0 (X11; Linux x86_64) AppleWebKit/537.36 (KHTML, like Gecko) Chrome/89.0.4389.114 Safari/537.36" 417 "Host-traefik-petitstores-com-1" "http://172.20.0.2:8080" 1ms
176.80.116.219 - - [23/Aug/2021:10:39:09 +0000] "GET /api/providers HTTP/2.0" 200 1434 "https://traefik.petitstores.com/dashboard/" "Mozilla/5.0 (X11; Linux x86_64) AppleWebKit/537.36 (KHTML, like Gecko) Chrome/89.0.4389.114 Safari/537.36" 418 "Host-traefik-petitstores-com-1" "http://172.20.0.2:8080" 0ms
176.80.116.219 - - [23/Aug/2021:10:39:12 +0000] "GET /api/providers HTTP/2.0" 200 1434 "https://traefik.petitstores.com/dashboard/" "Mozilla/5.0 (X11; Linux x86_64) AppleWebKit/537.36 (KHTML, like Gecko) Chrome/89.0.4389.114 Safari/537.36" 419 "Host-traefik-petitstores-com-1" "http://172.20.0.2:8080" 0ms
176.80.116.219 - - [23/Aug/2021:10:39:15 +0000] "GET /api/providers HTTP/2.0" 200 1434 "https://traefik.petitstores.com/dashboard/" "Mozilla/5.0 (X11; Linux x86_64) AppleWebKit/537.36 (KHTML, like Gecko) Chrome/89.0.4389.114 Safari/537.36" 420 "Host-traefik-petitstores-com-1" "http://172.20.0.2:8080" 0ms
176.80.116.219 - - [23/Aug/2021:10:39:18 +0000] "GET /api/providers HTTP/2.0" 200 1434 "https://traefik.petitstores.com/dashboard/" "Mozilla/5.0 (X11; Linux x86_64) AppleWebKit/537.36 (KHTML, like Gecko) Chrome/89.0.4389.114 Safari/537.36" 421 "Host-traefik-petitstores-com-1" "http://172.20.0.2:8080" 1ms
176.80.116.219 - - [23/Aug/2021:10:39:21 +0000] "GET /api/providers HTTP/2.0" 200 1434 "https://traefik.petitstores.com/dashboard/" "Mozilla/5.0 (X11; Linux x86_64) AppleWebKit/537.36 (KHTML, like Gecko) Chrome/89.0.4389.114 Safari/537.36" 422 "Host-traefik-petitstores-com-1" "http://172.20.0.2:8080" 1ms
176.80.116.219 - - [23/Aug/2021:10:39:24 +0000] "GET /api/providers HTTP/2.0" 200 1434 "https://traefik.petitstores.com/dashboard/" "Mozilla/5.0 (X11; Linux x86_64) AppleWebKit/537.36 (KHTML, like Gecko) Chrome/89.0.4389.114 Safari/537.36" 423 "Host-traefik-petitstores-com-1" "http://172.20.0.2:8080" 1ms
176.80.116.219 - - [23/Aug/2021:10:39:27 +0000] "GET /api/providers HTTP/2.0" 200 1434 "https://traefik.petitstores.com/dashboard/" "Mozilla/5.0 (X11; Linux x86_64) AppleWebKit/537.36 (KHTML, like Gecko) Chrome/89.0.4389.114 Safari/537.36" 424 "Host-traefik-petitstores-com-1" "http://172.20.0.2:8080" 0ms
176.80.116.219 - - [23/Aug/2021:10:39:30 +0000] "GET /api/providers HTTP/2.0" 200 1434 "https://traefik.petitstores.com/dashboard/" "Mozilla/5.0 (X11; Linux x86_64) AppleWebKit/537.36 (KHTML, like Gecko) Chrome/89.0.4389.114 Safari/537.36" 425 "Host-traefik-petitstores-com-1" "http://172.20.0.2:8080" 1ms
176.80.116.219 - - [23/Aug/2021:10:39:33 +0000] "GET /api/providers HTTP/2.0" 200 1434 "https://traefik.petitstores.com/dashboard/" "Mozilla/5.0 (X11; Linux x86_64) AppleWebKit/537.36 (KHTML, like Gecko) Chrome/89.0.4389.114 Safari/537.36" 426 "Host-traefik-petitstores-com-1" "http://172.20.0.2:8080" 1ms
